---
source: tests/snapshot_tests.rs
expression: run_benchmark(&path)
---
BenchmarkResult {
    example_name: "./examples/array_two_counters_max_subtr.vmt",
    status: Good,
    used_instantiations: [
        "(= (Read-Int-Int (Write-Int-Int Array-Int-Int!val!1 i (- (Read-Int-Int Array-Int-Int!val!1 i))) i) (- (Read-Int-Int Array-Int-Int!val!1 i)))",
        "(= (Read-Int-Int (Write-Int-Int Array-Int-Int!val!1 i (- (Read-Int-Int Array-Int-Int!val!1 i))) i) (Read-Int-Int Array-Int-Int!val!1 i))",
    ],
}
