---
source: tests/snapshot_tests.rs
expression: run_benchmark(&path)
---
BenchmarkResult {
    example_name: "./examples/array_init_drop.vmt",
    status: Good,
    used_instantiations: [
        "(= (Read-Int-Int (Write-Int-Int a i 37) i) 37)",
        "(= (Read-Int-Int (Write-Int-Int a i 7718) i) 7718)",
        "(= (Read-Int-Int (Write-Int-Int a i 37) i) (Read-Int-Int a i))",
        "(= (Read-Int-Int (Write-Int-Int a i 7718) i) (Read-Int-Int a i))",
    ],
}
