---
source: tests/snapshot_tests.rs
expression: run_benchmark(&path)
---
BenchmarkResult {
    example_name: "./examples/array_init_addvar4.vmt",
    status: Good,
    used_instantiations: [
        "(= (Read-Int-Int (Write-Int-Int a Z 17886) Z) 17886)",
        "(= (Read-Int-Int (Write-Int-Int Array-Int-Int!val!10 Z 31596) Z) 31596)",
        "(= (Read-Int-Int (Write-Int-Int Array-Int-Int!val!10 Z 31596) Z) (Read-Int-Int Array-Int-Int!val!10 Z))",
        "(= (Read-Int-Int (Write-Int-Int a Z 17886) Z) (Read-Int-Int a Z))",
    ],
}
