---
source: tests/snapshot_tests.rs
expression: run_benchmark(&path)
---
BenchmarkResult {
    example_name: "./examples/array_tiling_tcpy2.vmt",
    status: Good,
    used_instantiations: [
        "(= (Read-Int-Int (Write-Int-Int Array-Int-Int!val!5 i (Read-Int-Int a i)) Z) (Read-Int-Int Array-Int-Int!val!5 Z))",
    ],
}
