---
source: tests/snapshot_tests.rs
expression: run_benchmark(&path)
---
BenchmarkResult {
    example_name: "./examples/array_init_nondet_vars_plus_ind.vmt",
    status: Good,
    used_instantiations: [
        "(= (Read-Int-Int (Write-Int-Int b Z 29405) Z) 29405)",
        "(= (Read-Int-Int (Write-Int-Int b Z Z) Z) Z)",
        "(= (Read-Int-Int (Write-Int-Int b Z (Read-Int-Int Array-Int-Int!val!1 Z)) Z) (Read-Int-Int Array-Int-Int!val!1 Z))",
        "(= (Read-Int-Int (Write-Int-Int b Z 29405) Z) (Read-Int-Int b Z))",
        "(= (Read-Int-Int (Write-Int-Int b Z (Read-Int-Int Array-Int-Int!val!1 Z)) Z) (Read-Int-Int b Z))",
        "(= (Read-Int-Int (Write-Int-Int b Z Z) Z) (Read-Int-Int b Z))",
    ],
}
