---
source: tests/snapshot_tests.rs
expression: run_benchmark(&path)
---
BenchmarkResult {
    example_name: "./examples/array_init_increm.vmt",
    status: Good,
    used_instantiations: [
        "(= (Read-Int-Int (Write-Int-Int a Z 2438) Z) 2438)",
        "(= (Read-Int-Int (Write-Int-Int a Z 2437) Z) 2437)",
        "(= (Read-Int-Int (Write-Int-Int a Z 2439) Z) 2439)",
        "(= (Read-Int-Int (Write-Int-Int a Z 8856) Z) 8856)",
        "(= (Read-Int-Int (Write-Int-Int a Z (- 6418)) Z) (- 6418))",
        "(= (Read-Int-Int (Write-Int-Int a Z 2439) Z) (Read-Int-Int a Z))",
        "(= (Read-Int-Int (Write-Int-Int a_next Z i) Z) i)",
        "(= (Read-Int-Int (Write-Int-Int a Z 2440) Z) 2440)",
    ],
}
