---
source: tests/snapshot_tests.rs
expression: run_benchmark(&path)
---
BenchmarkResult {
    example_name: "./examples/array_init_doubl3.vmt",
    status: Good,
    used_instantiations: [
        "(= (Read-Int-Int (Write-Int-Int a Z 14679) Z) 14679)",
        "(= (Read-Int-Int (Write-Int-Int Array-Int-Int!val!10 Z 1322) Z) 1322)",
        "(= (Read-Int-Int (Write-Int-Int a Z 14679) Z) (Read-Int-Int a Z))",
        "(= (Read-Int-Int (Write-Int-Int Array-Int-Int!val!10 Z 1322) Z) (Read-Int-Int Array-Int-Int!val!10 Z))",
    ],
}
